qwerty
hello